// 同步 ID: c029dc90 @ Tue Jul  7 18:50:08 UTC 2026
// 同步 ID: 272e8ff2 @ Wed Jul  8 16:40:21 UTC 2026
// 同步 ID: ddb903a2 @ Thu Jul  9 11:08:10 UTC 2026
// 同步 ID: 5fbb92db @ Sat Jul 11 11:00:29 UTC 2026
// 同步 ID: be8cafd2 @ Fri Jul 17 17:35:03 UTC 2026
// 重构日志: 7e41492d
// 重构日志: dd7349d0
// 重构日志: 485a0b34
// 重构日志: 47fb8e55
// 同步 ID: 0dd0f361 @ Wed Jul 22 16:14:00 UTC 2026
// 重构日志: 37f4fd4a
// 重构日志: d476e0f4
// 重构日志: b14552ce
// 重构日志: 7368bf23
// 同步 ID: 1a2bdb35 @ Sun Jul 26 11:09:35 UTC 2026
// 同步 ID: 5b88053c @ Sun Jul 26 11:46:40 UTC 2026
// 重构日志: 81b1424a
// 重构日志: a277f009
// 重构日志: f9f0ab6a
// 重构日志: 2df95079
// 重构日志: f46226a9
// 重构日志: d8b700b2
// 重构日志: 96eee982
// 重构日志: b18a9c59
// 同步 ID: 20e2f43a @ Wed Jul 29 10:15:19 UTC 2026
// 重构日志: a5a9108f
// 同步 ID: 4d4bf3a6 @ Fri Jul 31 13:54:45 UTC 2026
// 重构日志: d8ab8464
// 同步 ID: 87742ee0 @ Sat Aug  1 14:22:53 UTC 2026
// 同步 ID: 2cf39758 @ Sun Aug  2 21:16:21 UTC 2026
// 重构日志: dacb344c
